STAR version=2.7.10b
STAR compilation time,server,dir=2022-11-01T09:53:26-04:00 :/home/dobin/data/STAR/STARcode/STAR.master/source
STAR git: On branch master ; commit c6f8efc2c7043ef83bf8b0d9bed36bbb6b9b1133 ; diff files: CHANGES.md 
##### Command Line:
STAR --runMode genomeGenerate --genomeDir test_data/reference/star_index --genomeFastaFiles test_data/reference/chr11_mini.fa --sjdbGTFfile test_data/reference/chr11_mini.gtf --genomeSAindexNbases 10 --runThreadN 2
##### Initial USER parameters from Command Line:
###### All USER parameters from Command Line:
runMode                       genomeGenerate        ~RE-DEFINED
genomeDir                     test_data/reference/star_index     ~RE-DEFINED
genomeFastaFiles              test_data/reference/chr11_mini.fa        ~RE-DEFINED
sjdbGTFfile                   test_data/reference/chr11_mini.gtf     ~RE-DEFINED
genomeSAindexNbases           10     ~RE-DEFINED
runThreadN                    2     ~RE-DEFINED
##### Finished reading parameters from all sources

##### Final user re-defined parameters-----------------:
runMode                           genomeGenerate   
runThreadN                        2
genomeDir                         test_data/reference/star_index
genomeFastaFiles                  test_data/reference/chr11_mini.fa   
genomeSAindexNbases               10
sjdbGTFfile                       test_data/reference/chr11_mini.gtf

-------------------------------
##### Final effective command line:
STAR   --runMode genomeGenerate      --runThreadN 2   --genomeDir test_data/reference/star_index   --genomeFastaFiles test_data/reference/chr11_mini.fa      --genomeSAindexNbases 10   --sjdbGTFfile test_data/reference/chr11_mini.gtf
----------------------------------------

Number of fastq files for each mate = 1
ParametersSolo: --soloCellFilterType CellRanger2.2 filtering parameters:  3000 0.99 10
Finished loading and checking parameters
--genomeDir directory exists and will be overwritten: test_data/reference/star_index/
Jun 25 10:49:32 ... starting to generate Genome files
test_data/reference/chr11_mini.fa : chr # 0  "chr11" chrStart: 0
Chromosome sequence lengths: 
chr11	1000000
Genome sequence total length = 1000000
Genome size with padding = 1048576
Jun 25 10:49:32 ..... processing annotations GTF
Processing pGe.sjdbGTFfile=test_data/reference/chr11_mini.gtf, found:
		5 transcripts
		10 exons (non-collapsed)
		5 collapsed junctions
Total junctions: 5
Jun 25 10:49:32 ..... finished GTF processing

!!!!! WARNING: --genomeSAindexNbases 10 is too large for the genome size=1000000, which may cause seg-fault at the mapping step. Re-run genome generation with recommended --genomeSAindexNbases 8
Estimated genome size with padding and SJs: total=genome+SJ=202048576 = 1048576 + 201000000
GstrandBit=32
Number of SA indices: 2000000
Jun 25 10:49:32 ... starting to sort Suffix Array. This may take a long time...
Number of chunks: 1;   chunks size limit: 16000000 bytes
Jun 25 10:49:32 ... sorting Suffix Array chunks and saving them to disk...
Writing 16000000 bytes into test_data/reference/star_index//SA_0 ; empty space on disk = 227028480000 bytes ... done
Jun 25 10:49:32 ... loading chunks from disk, packing SA...
Jun 25 10:49:32 ... finished generating suffix array
Jun 25 10:49:32 ... generating Suffix Array index
Jun 25 10:49:32 ... completed Suffix Array index
Jun 25 10:49:32   Finished preparing junctions
Jun 25 10:49:32 ..... inserting junctions into the genome indices
Jun 25 10:49:32   Finished SA search: number of new junctions=5, old junctions=0
Jun 25 10:49:32   Finished sorting SA indicesL nInd=2000
Genome size with junctions=1049581  1048576   1005
GstrandBit1=32   GstrandBit=32
Jun 25 10:49:32   Finished inserting junction indices
Jun 25 10:49:32   Finished SAi
Jun 25 10:49:32 ..... finished inserting junctions into genome
Jun 25 10:49:32 ... writing Genome to disk ...
Writing 1049581 bytes into test_data/reference/star_index//Genome ; empty space on disk = 227028467712 bytes ... done
SA size in bytes: 8258253
Jun 25 10:49:32 ... writing Suffix Array to disk ...
Writing 8258253 bytes into test_data/reference/star_index//SA ; empty space on disk = 227027415040 bytes ... done
Jun 25 10:49:32 ... writing SAindex to disk
Writing 8 bytes into test_data/reference/star_index//SAindex ; empty space on disk = 227019149312 bytes ... done
Writing 88 bytes into test_data/reference/star_index//SAindex ; empty space on disk = 227019149312 bytes ... done
Writing 6116691 bytes into test_data/reference/star_index//SAindex ; empty space on disk = 227019149312 bytes ... done
Jun 25 10:49:32 ..... finished successfully
DONE: Genome generation, EXITING
